mode: atomic
github.com/anemptyemptiness/Go-Rocket-App/inventory/internal/api/inventory/v1/api.go:11.50,15.2 1 0
github.com/anemptyemptiness/Go-Rocket-App/inventory/internal/api/inventory/v1/funcs.go:10.115,12.16 2 0
github.com/anemptyemptiness/Go-Rocket-App/inventory/internal/api/inventory/v1/funcs.go:12.16,14.3 1 0
github.com/anemptyemptiness/Go-Rocket-App/inventory/internal/api/inventory/v1/funcs.go:16.2,17.16 2 0
github.com/anemptyemptiness/Go-Rocket-App/inventory/internal/api/inventory/v1/funcs.go:17.16,19.3 1 0
github.com/anemptyemptiness/Go-Rocket-App/inventory/internal/api/inventory/v1/funcs.go:21.2,23.8 1 0
github.com/anemptyemptiness/Go-Rocket-App/inventory/internal/api/inventory/v1/funcs.go:26.121,28.16 2 0
github.com/anemptyemptiness/Go-Rocket-App/inventory/internal/api/inventory/v1/funcs.go:28.16,30.3 1 0
github.com/anemptyemptiness/Go-Rocket-App/inventory/internal/api/inventory/v1/funcs.go:32.2,33.16 2 0
github.com/anemptyemptiness/Go-Rocket-App/inventory/internal/api/inventory/v1/funcs.go:33.16,35.3 1 0
github.com/anemptyemptiness/Go-Rocket-App/inventory/internal/api/inventory/v1/funcs.go:37.2,39.8 1 0
github.com/anemptyemptiness/Go-Rocket-App/inventory/internal/service/part/funcs.go:13.84,14.19 1 0
github.com/anemptyemptiness/Go-Rocket-App/inventory/internal/service/part/funcs.go:14.19,16.3 1 0
github.com/anemptyemptiness/Go-Rocket-App/inventory/internal/service/part/funcs.go:18.2,19.40 2 0
github.com/anemptyemptiness/Go-Rocket-App/inventory/internal/service/part/funcs.go:19.40,21.3 1 0
github.com/anemptyemptiness/Go-Rocket-App/inventory/internal/service/part/funcs.go:23.2,24.16 2 0
github.com/anemptyemptiness/Go-Rocket-App/inventory/internal/service/part/funcs.go:24.16,26.3 1 0
github.com/anemptyemptiness/Go-Rocket-App/inventory/internal/service/part/funcs.go:28.2,28.18 1 0
github.com/anemptyemptiness/Go-Rocket-App/inventory/internal/service/part/funcs.go:31.116,33.35 2 0
github.com/anemptyemptiness/Go-Rocket-App/inventory/internal/service/part/funcs.go:33.35,35.17 2 0
github.com/anemptyemptiness/Go-Rocket-App/inventory/internal/service/part/funcs.go:35.17,37.4 1 0
github.com/anemptyemptiness/Go-Rocket-App/inventory/internal/service/part/funcs.go:39.3,39.36 1 0
github.com/anemptyemptiness/Go-Rocket-App/inventory/internal/service/part/funcs.go:42.2,43.16 2 0
github.com/anemptyemptiness/Go-Rocket-App/inventory/internal/service/part/funcs.go:43.16,45.3 1 0
github.com/anemptyemptiness/Go-Rocket-App/inventory/internal/service/part/funcs.go:47.2,47.19 1 0
github.com/anemptyemptiness/Go-Rocket-App/inventory/internal/service/part/service.go:7.45,11.2 1 0
github.com/anemptyemptiness/Go-Rocket-App/inventory/internal/api/inventory/v1/api.go:11.50,15.2 1 0
github.com/anemptyemptiness/Go-Rocket-App/inventory/internal/api/inventory/v1/funcs.go:10.115,12.16 2 0
github.com/anemptyemptiness/Go-Rocket-App/inventory/internal/api/inventory/v1/funcs.go:12.16,14.3 1 0
github.com/anemptyemptiness/Go-Rocket-App/inventory/internal/api/inventory/v1/funcs.go:16.2,17.16 2 0
github.com/anemptyemptiness/Go-Rocket-App/inventory/internal/api/inventory/v1/funcs.go:17.16,19.3 1 0
github.com/anemptyemptiness/Go-Rocket-App/inventory/internal/api/inventory/v1/funcs.go:21.2,23.8 1 0
github.com/anemptyemptiness/Go-Rocket-App/inventory/internal/api/inventory/v1/funcs.go:26.121,28.16 2 0
github.com/anemptyemptiness/Go-Rocket-App/inventory/internal/api/inventory/v1/funcs.go:28.16,30.3 1 0
github.com/anemptyemptiness/Go-Rocket-App/inventory/internal/api/inventory/v1/funcs.go:32.2,33.16 2 0
github.com/anemptyemptiness/Go-Rocket-App/inventory/internal/api/inventory/v1/funcs.go:33.16,35.3 1 0
github.com/anemptyemptiness/Go-Rocket-App/inventory/internal/api/inventory/v1/funcs.go:37.2,39.8 1 0
github.com/anemptyemptiness/Go-Rocket-App/inventory/internal/service/part/funcs.go:13.84,14.19 1 4
github.com/anemptyemptiness/Go-Rocket-App/inventory/internal/service/part/funcs.go:14.19,16.3 1 1
github.com/anemptyemptiness/Go-Rocket-App/inventory/internal/service/part/funcs.go:18.2,19.40 2 3
github.com/anemptyemptiness/Go-Rocket-App/inventory/internal/service/part/funcs.go:19.40,21.3 1 1
github.com/anemptyemptiness/Go-Rocket-App/inventory/internal/service/part/funcs.go:23.2,24.16 2 2
github.com/anemptyemptiness/Go-Rocket-App/inventory/internal/service/part/funcs.go:24.16,26.3 1 1
github.com/anemptyemptiness/Go-Rocket-App/inventory/internal/service/part/funcs.go:28.2,28.18 1 1
github.com/anemptyemptiness/Go-Rocket-App/inventory/internal/service/part/funcs.go:31.116,33.35 2 3
github.com/anemptyemptiness/Go-Rocket-App/inventory/internal/service/part/funcs.go:33.35,35.17 2 8
github.com/anemptyemptiness/Go-Rocket-App/inventory/internal/service/part/funcs.go:35.17,37.4 1 1
github.com/anemptyemptiness/Go-Rocket-App/inventory/internal/service/part/funcs.go:39.3,39.36 1 7
github.com/anemptyemptiness/Go-Rocket-App/inventory/internal/service/part/funcs.go:42.2,43.16 2 2
github.com/anemptyemptiness/Go-Rocket-App/inventory/internal/service/part/funcs.go:43.16,45.3 1 1
github.com/anemptyemptiness/Go-Rocket-App/inventory/internal/service/part/funcs.go:47.2,47.19 1 1
github.com/anemptyemptiness/Go-Rocket-App/inventory/internal/service/part/service.go:7.45,11.2 1 7
github.com/anemptyemptiness/Go-Rocket-App/inventory/internal/api/inventory/v1/api.go:11.50,15.2 1 11
github.com/anemptyemptiness/Go-Rocket-App/inventory/internal/api/inventory/v1/funcs.go:10.115,12.16 2 6
github.com/anemptyemptiness/Go-Rocket-App/inventory/internal/api/inventory/v1/funcs.go:12.16,14.3 1 1
github.com/anemptyemptiness/Go-Rocket-App/inventory/internal/api/inventory/v1/funcs.go:16.2,17.16 2 5
github.com/anemptyemptiness/Go-Rocket-App/inventory/internal/api/inventory/v1/funcs.go:17.16,19.3 1 4
github.com/anemptyemptiness/Go-Rocket-App/inventory/internal/api/inventory/v1/funcs.go:21.2,23.8 1 1
github.com/anemptyemptiness/Go-Rocket-App/inventory/internal/api/inventory/v1/funcs.go:26.121,28.16 2 5
github.com/anemptyemptiness/Go-Rocket-App/inventory/internal/api/inventory/v1/funcs.go:28.16,30.3 1 1
github.com/anemptyemptiness/Go-Rocket-App/inventory/internal/api/inventory/v1/funcs.go:32.2,33.16 2 4
github.com/anemptyemptiness/Go-Rocket-App/inventory/internal/api/inventory/v1/funcs.go:33.16,35.3 1 3
github.com/anemptyemptiness/Go-Rocket-App/inventory/internal/api/inventory/v1/funcs.go:37.2,39.8 1 1
github.com/anemptyemptiness/Go-Rocket-App/inventory/internal/service/part/funcs.go:13.84,14.19 1 0
github.com/anemptyemptiness/Go-Rocket-App/inventory/internal/service/part/funcs.go:14.19,16.3 1 0
github.com/anemptyemptiness/Go-Rocket-App/inventory/internal/service/part/funcs.go:18.2,19.40 2 0
github.com/anemptyemptiness/Go-Rocket-App/inventory/internal/service/part/funcs.go:19.40,21.3 1 0
github.com/anemptyemptiness/Go-Rocket-App/inventory/internal/service/part/funcs.go:23.2,24.16 2 0
github.com/anemptyemptiness/Go-Rocket-App/inventory/internal/service/part/funcs.go:24.16,26.3 1 0
github.com/anemptyemptiness/Go-Rocket-App/inventory/internal/service/part/funcs.go:28.2,28.18 1 0
github.com/anemptyemptiness/Go-Rocket-App/inventory/internal/service/part/funcs.go:31.116,33.35 2 0
github.com/anemptyemptiness/Go-Rocket-App/inventory/internal/service/part/funcs.go:33.35,35.17 2 0
github.com/anemptyemptiness/Go-Rocket-App/inventory/internal/service/part/funcs.go:35.17,37.4 1 0
github.com/anemptyemptiness/Go-Rocket-App/inventory/internal/service/part/funcs.go:39.3,39.36 1 0
github.com/anemptyemptiness/Go-Rocket-App/inventory/internal/service/part/funcs.go:42.2,43.16 2 0
github.com/anemptyemptiness/Go-Rocket-App/inventory/internal/service/part/funcs.go:43.16,45.3 1 0
github.com/anemptyemptiness/Go-Rocket-App/inventory/internal/service/part/funcs.go:47.2,47.19 1 0
github.com/anemptyemptiness/Go-Rocket-App/inventory/internal/service/part/service.go:7.45,11.2 1 0
github.com/anemptyemptiness/Go-Rocket-App/inventory/internal/api/inventory/v1/api.go:11.50,15.2 1 0
github.com/anemptyemptiness/Go-Rocket-App/inventory/internal/api/inventory/v1/funcs.go:10.115,12.16 2 0
github.com/anemptyemptiness/Go-Rocket-App/inventory/internal/api/inventory/v1/funcs.go:12.16,14.3 1 0
github.com/anemptyemptiness/Go-Rocket-App/inventory/internal/api/inventory/v1/funcs.go:16.2,17.16 2 0
github.com/anemptyemptiness/Go-Rocket-App/inventory/internal/api/inventory/v1/funcs.go:17.16,19.3 1 0
github.com/anemptyemptiness/Go-Rocket-App/inventory/internal/api/inventory/v1/funcs.go:21.2,23.8 1 0
github.com/anemptyemptiness/Go-Rocket-App/inventory/internal/api/inventory/v1/funcs.go:26.121,28.16 2 0
github.com/anemptyemptiness/Go-Rocket-App/inventory/internal/api/inventory/v1/funcs.go:28.16,30.3 1 0
github.com/anemptyemptiness/Go-Rocket-App/inventory/internal/api/inventory/v1/funcs.go:32.2,33.16 2 0
github.com/anemptyemptiness/Go-Rocket-App/inventory/internal/api/inventory/v1/funcs.go:33.16,35.3 1 0
github.com/anemptyemptiness/Go-Rocket-App/inventory/internal/api/inventory/v1/funcs.go:37.2,39.8 1 0
github.com/anemptyemptiness/Go-Rocket-App/inventory/internal/service/part/funcs.go:13.84,14.19 1 0
github.com/anemptyemptiness/Go-Rocket-App/inventory/internal/service/part/funcs.go:14.19,16.3 1 0
github.com/anemptyemptiness/Go-Rocket-App/inventory/internal/service/part/funcs.go:18.2,19.40 2 0
github.com/anemptyemptiness/Go-Rocket-App/inventory/internal/service/part/funcs.go:19.40,21.3 1 0
github.com/anemptyemptiness/Go-Rocket-App/inventory/internal/service/part/funcs.go:23.2,24.16 2 0
github.com/anemptyemptiness/Go-Rocket-App/inventory/internal/service/part/funcs.go:24.16,26.3 1 0
github.com/anemptyemptiness/Go-Rocket-App/inventory/internal/service/part/funcs.go:28.2,28.18 1 0
github.com/anemptyemptiness/Go-Rocket-App/inventory/internal/service/part/funcs.go:31.116,33.35 2 0
github.com/anemptyemptiness/Go-Rocket-App/inventory/internal/service/part/funcs.go:33.35,35.17 2 0
github.com/anemptyemptiness/Go-Rocket-App/inventory/internal/service/part/funcs.go:35.17,37.4 1 0
github.com/anemptyemptiness/Go-Rocket-App/inventory/internal/service/part/funcs.go:39.3,39.36 1 0
github.com/anemptyemptiness/Go-Rocket-App/inventory/internal/service/part/funcs.go:42.2,43.16 2 0
github.com/anemptyemptiness/Go-Rocket-App/inventory/internal/service/part/funcs.go:43.16,45.3 1 0
github.com/anemptyemptiness/Go-Rocket-App/inventory/internal/service/part/funcs.go:47.2,47.19 1 0
github.com/anemptyemptiness/Go-Rocket-App/inventory/internal/service/part/service.go:7.45,11.2 1 0
