mode: atomic
github.com/anemptyemptiness/Go-Rocket-App/order/internal/api/order/v1/api.go:11.45,15.2 1 0
github.com/anemptyemptiness/Go-Rocket-App/order/internal/api/order/v1/funcs.go:13.105,15.16 2 0
github.com/anemptyemptiness/Go-Rocket-App/order/internal/api/order/v1/funcs.go:15.16,20.3 1 0
github.com/anemptyemptiness/Go-Rocket-App/order/internal/api/order/v1/funcs.go:22.2,22.46 1 0
github.com/anemptyemptiness/Go-Rocket-App/order/internal/api/order/v1/funcs.go:25.113,27.16 2 0
github.com/anemptyemptiness/Go-Rocket-App/order/internal/api/order/v1/funcs.go:27.16,31.3 1 0
github.com/anemptyemptiness/Go-Rocket-App/order/internal/api/order/v1/funcs.go:33.2,34.16 2 0
github.com/anemptyemptiness/Go-Rocket-App/order/internal/api/order/v1/funcs.go:34.16,43.3 1 0
github.com/anemptyemptiness/Go-Rocket-App/order/internal/api/order/v1/funcs.go:45.2,48.8 1 0
github.com/anemptyemptiness/Go-Rocket-App/order/internal/api/order/v1/funcs.go:51.135,53.16 2 0
github.com/anemptyemptiness/Go-Rocket-App/order/internal/api/order/v1/funcs.go:53.16,57.3 1 0
github.com/anemptyemptiness/Go-Rocket-App/order/internal/api/order/v1/funcs.go:59.2,60.16 2 0
github.com/anemptyemptiness/Go-Rocket-App/order/internal/api/order/v1/funcs.go:60.16,69.3 1 0
github.com/anemptyemptiness/Go-Rocket-App/order/internal/api/order/v1/funcs.go:71.2,73.8 1 0
github.com/anemptyemptiness/Go-Rocket-App/order/internal/api/order/v1/funcs.go:76.114,78.16 2 0
github.com/anemptyemptiness/Go-Rocket-App/order/internal/api/order/v1/funcs.go:78.16,87.3 1 0
github.com/anemptyemptiness/Go-Rocket-App/order/internal/api/order/v1/funcs.go:89.2,89.44 1 0
github.com/anemptyemptiness/Go-Rocket-App/order/internal/service/input/order.go:13.51,15.25 2 0
github.com/anemptyemptiness/Go-Rocket-App/order/internal/service/input/order.go:15.25,17.3 1 0
github.com/anemptyemptiness/Go-Rocket-App/order/internal/service/input/order.go:18.2,18.25 1 0
github.com/anemptyemptiness/Go-Rocket-App/order/internal/service/input/order.go:18.25,20.3 1 0
github.com/anemptyemptiness/Go-Rocket-App/order/internal/service/input/order.go:21.2,21.14 1 0
github.com/anemptyemptiness/Go-Rocket-App/order/internal/service/order/funcs.go:18.83,20.16 2 0
github.com/anemptyemptiness/Go-Rocket-App/order/internal/service/order/funcs.go:20.16,21.44 1 0
github.com/anemptyemptiness/Go-Rocket-App/order/internal/service/order/funcs.go:21.44,23.4 1 0
github.com/anemptyemptiness/Go-Rocket-App/order/internal/service/order/funcs.go:24.3,24.92 1 0
github.com/anemptyemptiness/Go-Rocket-App/order/internal/service/order/funcs.go:27.2,27.19 1 0
github.com/anemptyemptiness/Go-Rocket-App/order/internal/service/order/funcs.go:30.98,31.48 1 0
github.com/anemptyemptiness/Go-Rocket-App/order/internal/service/order/funcs.go:31.48,33.3 1 0
github.com/anemptyemptiness/Go-Rocket-App/order/internal/service/order/funcs.go:34.2,34.24 1 0
github.com/anemptyemptiness/Go-Rocket-App/order/internal/service/order/funcs.go:34.24,36.3 1 0
github.com/anemptyemptiness/Go-Rocket-App/order/internal/service/order/funcs.go:38.2,39.37 2 0
github.com/anemptyemptiness/Go-Rocket-App/order/internal/service/order/funcs.go:39.37,40.15 1 0
github.com/anemptyemptiness/Go-Rocket-App/order/internal/service/order/funcs.go:40.15,42.4 1 0
github.com/anemptyemptiness/Go-Rocket-App/order/internal/service/order/funcs.go:43.3,43.36 1 0
github.com/anemptyemptiness/Go-Rocket-App/order/internal/service/order/funcs.go:43.36,45.4 1 0
github.com/anemptyemptiness/Go-Rocket-App/order/internal/service/order/funcs.go:47.3,47.24 1 0
github.com/anemptyemptiness/Go-Rocket-App/order/internal/service/order/funcs.go:50.2,52.63 2 0
github.com/anemptyemptiness/Go-Rocket-App/order/internal/service/order/funcs.go:52.63,57.17 4 0
github.com/anemptyemptiness/Go-Rocket-App/order/internal/service/order/funcs.go:57.17,59.4 1 0
github.com/anemptyemptiness/Go-Rocket-App/order/internal/service/order/funcs.go:61.3,63.30 3 0
github.com/anemptyemptiness/Go-Rocket-App/order/internal/service/order/funcs.go:63.30,64.31 1 0
github.com/anemptyemptiness/Go-Rocket-App/order/internal/service/order/funcs.go:64.31,66.5 1 0
github.com/anemptyemptiness/Go-Rocket-App/order/internal/service/order/funcs.go:68.4,74.28 2 0
github.com/anemptyemptiness/Go-Rocket-App/order/internal/service/order/funcs.go:77.3,86.17 8 0
github.com/anemptyemptiness/Go-Rocket-App/order/internal/service/order/funcs.go:86.17,88.4 1 0
github.com/anemptyemptiness/Go-Rocket-App/order/internal/service/order/funcs.go:90.3,94.17 4 0
github.com/anemptyemptiness/Go-Rocket-App/order/internal/service/order/funcs.go:94.17,96.4 1 0
github.com/anemptyemptiness/Go-Rocket-App/order/internal/service/order/funcs.go:98.3,99.17 2 0
github.com/anemptyemptiness/Go-Rocket-App/order/internal/service/order/funcs.go:99.17,101.4 1 0
github.com/anemptyemptiness/Go-Rocket-App/order/internal/service/order/funcs.go:103.3,105.13 2 0
github.com/anemptyemptiness/Go-Rocket-App/order/internal/service/order/funcs.go:107.2,107.16 1 0
github.com/anemptyemptiness/Go-Rocket-App/order/internal/service/order/funcs.go:107.16,109.3 1 0
github.com/anemptyemptiness/Go-Rocket-App/order/internal/service/order/funcs.go:111.2,111.19 1 0
github.com/anemptyemptiness/Go-Rocket-App/order/internal/service/order/funcs.go:114.106,117.63 2 0
github.com/anemptyemptiness/Go-Rocket-App/order/internal/service/order/funcs.go:117.63,119.17 2 0
github.com/anemptyemptiness/Go-Rocket-App/order/internal/service/order/funcs.go:119.17,120.45 1 0
github.com/anemptyemptiness/Go-Rocket-App/order/internal/service/order/funcs.go:120.45,122.5 1 0
github.com/anemptyemptiness/Go-Rocket-App/order/internal/service/order/funcs.go:123.4,123.78 1 0
github.com/anemptyemptiness/Go-Rocket-App/order/internal/service/order/funcs.go:126.3,126.23 1 0
github.com/anemptyemptiness/Go-Rocket-App/order/internal/service/order/funcs.go:127.30,128.52 1 0
github.com/anemptyemptiness/Go-Rocket-App/order/internal/service/order/funcs.go:129.35,130.57 1 0
github.com/anemptyemptiness/Go-Rocket-App/order/internal/service/order/funcs.go:131.35,132.50 1 0
github.com/anemptyemptiness/Go-Rocket-App/order/internal/service/order/funcs.go:135.3,135.54 1 0
github.com/anemptyemptiness/Go-Rocket-App/order/internal/service/order/funcs.go:135.54,137.4 1 0
github.com/anemptyemptiness/Go-Rocket-App/order/internal/service/order/funcs.go:139.3,143.17 4 0
github.com/anemptyemptiness/Go-Rocket-App/order/internal/service/order/funcs.go:143.17,145.4 1 0
github.com/anemptyemptiness/Go-Rocket-App/order/internal/service/order/funcs.go:147.3,152.17 5 0
github.com/anemptyemptiness/Go-Rocket-App/order/internal/service/order/funcs.go:152.17,153.45 1 0
github.com/anemptyemptiness/Go-Rocket-App/order/internal/service/order/funcs.go:153.45,155.5 1 0
github.com/anemptyemptiness/Go-Rocket-App/order/internal/service/order/funcs.go:156.4,156.78 1 0
github.com/anemptyemptiness/Go-Rocket-App/order/internal/service/order/funcs.go:159.3,166.17 3 0
github.com/anemptyemptiness/Go-Rocket-App/order/internal/service/order/funcs.go:166.17,168.4 1 0
github.com/anemptyemptiness/Go-Rocket-App/order/internal/service/order/funcs.go:170.3,172.13 2 0
github.com/anemptyemptiness/Go-Rocket-App/order/internal/service/order/funcs.go:174.2,174.16 1 0
github.com/anemptyemptiness/Go-Rocket-App/order/internal/service/order/funcs.go:174.16,176.3 1 0
github.com/anemptyemptiness/Go-Rocket-App/order/internal/service/order/funcs.go:178.2,178.29 1 0
github.com/anemptyemptiness/Go-Rocket-App/order/internal/service/order/funcs.go:181.71,183.16 2 0
github.com/anemptyemptiness/Go-Rocket-App/order/internal/service/order/funcs.go:183.16,184.44 1 0
github.com/anemptyemptiness/Go-Rocket-App/order/internal/service/order/funcs.go:184.44,186.4 1 0
github.com/anemptyemptiness/Go-Rocket-App/order/internal/service/order/funcs.go:187.3,187.77 1 0
github.com/anemptyemptiness/Go-Rocket-App/order/internal/service/order/funcs.go:190.2,190.22 1 0
github.com/anemptyemptiness/Go-Rocket-App/order/internal/service/order/funcs.go:191.29,192.51 1 0
github.com/anemptyemptiness/Go-Rocket-App/order/internal/service/order/funcs.go:193.34,194.56 1 0
github.com/anemptyemptiness/Go-Rocket-App/order/internal/service/order/funcs.go:195.34,196.49 1 0
github.com/anemptyemptiness/Go-Rocket-App/order/internal/service/order/funcs.go:199.2,200.35 2 0
github.com/anemptyemptiness/Go-Rocket-App/order/internal/service/order/funcs.go:200.35,202.3 1 0
github.com/anemptyemptiness/Go-Rocket-App/order/internal/service/order/funcs.go:204.2,209.16 4 0
github.com/anemptyemptiness/Go-Rocket-App/order/internal/service/order/funcs.go:209.16,211.3 1 0
github.com/anemptyemptiness/Go-Rocket-App/order/internal/service/order/funcs.go:213.2,216.16 3 0
github.com/anemptyemptiness/Go-Rocket-App/order/internal/service/order/funcs.go:216.16,217.44 1 0
github.com/anemptyemptiness/Go-Rocket-App/order/internal/service/order/funcs.go:217.44,219.4 1 0
github.com/anemptyemptiness/Go-Rocket-App/order/internal/service/order/funcs.go:220.3,220.77 1 0
github.com/anemptyemptiness/Go-Rocket-App/order/internal/service/order/funcs.go:223.2,223.12 1 0
github.com/anemptyemptiness/Go-Rocket-App/order/internal/service/order/service.go:17.12,25.2 1 0
github.com/anemptyemptiness/Go-Rocket-App/order/internal/api/order/v1/api.go:11.45,15.2 1 0
github.com/anemptyemptiness/Go-Rocket-App/order/internal/api/order/v1/funcs.go:13.105,15.16 2 0
github.com/anemptyemptiness/Go-Rocket-App/order/internal/api/order/v1/funcs.go:15.16,20.3 1 0
github.com/anemptyemptiness/Go-Rocket-App/order/internal/api/order/v1/funcs.go:22.2,22.46 1 0
github.com/anemptyemptiness/Go-Rocket-App/order/internal/api/order/v1/funcs.go:25.113,27.16 2 0
github.com/anemptyemptiness/Go-Rocket-App/order/internal/api/order/v1/funcs.go:27.16,31.3 1 0
github.com/anemptyemptiness/Go-Rocket-App/order/internal/api/order/v1/funcs.go:33.2,34.16 2 0
github.com/anemptyemptiness/Go-Rocket-App/order/internal/api/order/v1/funcs.go:34.16,43.3 1 0
github.com/anemptyemptiness/Go-Rocket-App/order/internal/api/order/v1/funcs.go:45.2,48.8 1 0
github.com/anemptyemptiness/Go-Rocket-App/order/internal/api/order/v1/funcs.go:51.135,53.16 2 0
github.com/anemptyemptiness/Go-Rocket-App/order/internal/api/order/v1/funcs.go:53.16,57.3 1 0
github.com/anemptyemptiness/Go-Rocket-App/order/internal/api/order/v1/funcs.go:59.2,60.16 2 0
github.com/anemptyemptiness/Go-Rocket-App/order/internal/api/order/v1/funcs.go:60.16,69.3 1 0
github.com/anemptyemptiness/Go-Rocket-App/order/internal/api/order/v1/funcs.go:71.2,73.8 1 0
github.com/anemptyemptiness/Go-Rocket-App/order/internal/api/order/v1/funcs.go:76.114,78.16 2 0
github.com/anemptyemptiness/Go-Rocket-App/order/internal/api/order/v1/funcs.go:78.16,87.3 1 0
github.com/anemptyemptiness/Go-Rocket-App/order/internal/api/order/v1/funcs.go:89.2,89.44 1 0
github.com/anemptyemptiness/Go-Rocket-App/order/internal/service/input/order.go:13.51,15.25 2 0
github.com/anemptyemptiness/Go-Rocket-App/order/internal/service/input/order.go:15.25,17.3 1 0
github.com/anemptyemptiness/Go-Rocket-App/order/internal/service/input/order.go:18.2,18.25 1 0
github.com/anemptyemptiness/Go-Rocket-App/order/internal/service/input/order.go:18.25,20.3 1 0
github.com/anemptyemptiness/Go-Rocket-App/order/internal/service/input/order.go:21.2,21.14 1 0
github.com/anemptyemptiness/Go-Rocket-App/order/internal/service/order/funcs.go:18.83,20.16 2 0
github.com/anemptyemptiness/Go-Rocket-App/order/internal/service/order/funcs.go:20.16,21.44 1 0
github.com/anemptyemptiness/Go-Rocket-App/order/internal/service/order/funcs.go:21.44,23.4 1 0
github.com/anemptyemptiness/Go-Rocket-App/order/internal/service/order/funcs.go:24.3,24.92 1 0
github.com/anemptyemptiness/Go-Rocket-App/order/internal/service/order/funcs.go:27.2,27.19 1 0
github.com/anemptyemptiness/Go-Rocket-App/order/internal/service/order/funcs.go:30.98,31.48 1 0
github.com/anemptyemptiness/Go-Rocket-App/order/internal/service/order/funcs.go:31.48,33.3 1 0
github.com/anemptyemptiness/Go-Rocket-App/order/internal/service/order/funcs.go:34.2,34.24 1 0
github.com/anemptyemptiness/Go-Rocket-App/order/internal/service/order/funcs.go:34.24,36.3 1 0
github.com/anemptyemptiness/Go-Rocket-App/order/internal/service/order/funcs.go:38.2,39.37 2 0
github.com/anemptyemptiness/Go-Rocket-App/order/internal/service/order/funcs.go:39.37,40.15 1 0
github.com/anemptyemptiness/Go-Rocket-App/order/internal/service/order/funcs.go:40.15,42.4 1 0
github.com/anemptyemptiness/Go-Rocket-App/order/internal/service/order/funcs.go:43.3,43.36 1 0
github.com/anemptyemptiness/Go-Rocket-App/order/internal/service/order/funcs.go:43.36,45.4 1 0
github.com/anemptyemptiness/Go-Rocket-App/order/internal/service/order/funcs.go:47.3,47.24 1 0
github.com/anemptyemptiness/Go-Rocket-App/order/internal/service/order/funcs.go:50.2,52.63 2 0
github.com/anemptyemptiness/Go-Rocket-App/order/internal/service/order/funcs.go:52.63,57.17 4 0
github.com/anemptyemptiness/Go-Rocket-App/order/internal/service/order/funcs.go:57.17,59.4 1 0
github.com/anemptyemptiness/Go-Rocket-App/order/internal/service/order/funcs.go:61.3,63.30 3 0
github.com/anemptyemptiness/Go-Rocket-App/order/internal/service/order/funcs.go:63.30,64.31 1 0
github.com/anemptyemptiness/Go-Rocket-App/order/internal/service/order/funcs.go:64.31,66.5 1 0
github.com/anemptyemptiness/Go-Rocket-App/order/internal/service/order/funcs.go:68.4,74.28 2 0
github.com/anemptyemptiness/Go-Rocket-App/order/internal/service/order/funcs.go:77.3,86.17 8 0
github.com/anemptyemptiness/Go-Rocket-App/order/internal/service/order/funcs.go:86.17,88.4 1 0
github.com/anemptyemptiness/Go-Rocket-App/order/internal/service/order/funcs.go:90.3,94.17 4 0
github.com/anemptyemptiness/Go-Rocket-App/order/internal/service/order/funcs.go:94.17,96.4 1 0
github.com/anemptyemptiness/Go-Rocket-App/order/internal/service/order/funcs.go:98.3,99.17 2 0
github.com/anemptyemptiness/Go-Rocket-App/order/internal/service/order/funcs.go:99.17,101.4 1 0
github.com/anemptyemptiness/Go-Rocket-App/order/internal/service/order/funcs.go:103.3,105.13 2 0
github.com/anemptyemptiness/Go-Rocket-App/order/internal/service/order/funcs.go:107.2,107.16 1 0
github.com/anemptyemptiness/Go-Rocket-App/order/internal/service/order/funcs.go:107.16,109.3 1 0
github.com/anemptyemptiness/Go-Rocket-App/order/internal/service/order/funcs.go:111.2,111.19 1 0
github.com/anemptyemptiness/Go-Rocket-App/order/internal/service/order/funcs.go:114.106,117.63 2 0
github.com/anemptyemptiness/Go-Rocket-App/order/internal/service/order/funcs.go:117.63,119.17 2 0
github.com/anemptyemptiness/Go-Rocket-App/order/internal/service/order/funcs.go:119.17,120.45 1 0
github.com/anemptyemptiness/Go-Rocket-App/order/internal/service/order/funcs.go:120.45,122.5 1 0
github.com/anemptyemptiness/Go-Rocket-App/order/internal/service/order/funcs.go:123.4,123.78 1 0
github.com/anemptyemptiness/Go-Rocket-App/order/internal/service/order/funcs.go:126.3,126.23 1 0
github.com/anemptyemptiness/Go-Rocket-App/order/internal/service/order/funcs.go:127.30,128.52 1 0
github.com/anemptyemptiness/Go-Rocket-App/order/internal/service/order/funcs.go:129.35,130.57 1 0
github.com/anemptyemptiness/Go-Rocket-App/order/internal/service/order/funcs.go:131.35,132.50 1 0
github.com/anemptyemptiness/Go-Rocket-App/order/internal/service/order/funcs.go:135.3,135.54 1 0
github.com/anemptyemptiness/Go-Rocket-App/order/internal/service/order/funcs.go:135.54,137.4 1 0
github.com/anemptyemptiness/Go-Rocket-App/order/internal/service/order/funcs.go:139.3,143.17 4 0
github.com/anemptyemptiness/Go-Rocket-App/order/internal/service/order/funcs.go:143.17,145.4 1 0
github.com/anemptyemptiness/Go-Rocket-App/order/internal/service/order/funcs.go:147.3,152.17 5 0
github.com/anemptyemptiness/Go-Rocket-App/order/internal/service/order/funcs.go:152.17,153.45 1 0
github.com/anemptyemptiness/Go-Rocket-App/order/internal/service/order/funcs.go:153.45,155.5 1 0
github.com/anemptyemptiness/Go-Rocket-App/order/internal/service/order/funcs.go:156.4,156.78 1 0
github.com/anemptyemptiness/Go-Rocket-App/order/internal/service/order/funcs.go:159.3,166.17 3 0
github.com/anemptyemptiness/Go-Rocket-App/order/internal/service/order/funcs.go:166.17,168.4 1 0
github.com/anemptyemptiness/Go-Rocket-App/order/internal/service/order/funcs.go:170.3,172.13 2 0
github.com/anemptyemptiness/Go-Rocket-App/order/internal/service/order/funcs.go:174.2,174.16 1 0
github.com/anemptyemptiness/Go-Rocket-App/order/internal/service/order/funcs.go:174.16,176.3 1 0
github.com/anemptyemptiness/Go-Rocket-App/order/internal/service/order/funcs.go:178.2,178.29 1 0
github.com/anemptyemptiness/Go-Rocket-App/order/internal/service/order/funcs.go:181.71,183.16 2 0
github.com/anemptyemptiness/Go-Rocket-App/order/internal/service/order/funcs.go:183.16,184.44 1 0
github.com/anemptyemptiness/Go-Rocket-App/order/internal/service/order/funcs.go:184.44,186.4 1 0
github.com/anemptyemptiness/Go-Rocket-App/order/internal/service/order/funcs.go:187.3,187.77 1 0
github.com/anemptyemptiness/Go-Rocket-App/order/internal/service/order/funcs.go:190.2,190.22 1 0
github.com/anemptyemptiness/Go-Rocket-App/order/internal/service/order/funcs.go:191.29,192.51 1 0
github.com/anemptyemptiness/Go-Rocket-App/order/internal/service/order/funcs.go:193.34,194.56 1 0
github.com/anemptyemptiness/Go-Rocket-App/order/internal/service/order/funcs.go:195.34,196.49 1 0
github.com/anemptyemptiness/Go-Rocket-App/order/internal/service/order/funcs.go:199.2,200.35 2 0
github.com/anemptyemptiness/Go-Rocket-App/order/internal/service/order/funcs.go:200.35,202.3 1 0
github.com/anemptyemptiness/Go-Rocket-App/order/internal/service/order/funcs.go:204.2,209.16 4 0
github.com/anemptyemptiness/Go-Rocket-App/order/internal/service/order/funcs.go:209.16,211.3 1 0
github.com/anemptyemptiness/Go-Rocket-App/order/internal/service/order/funcs.go:213.2,216.16 3 0
github.com/anemptyemptiness/Go-Rocket-App/order/internal/service/order/funcs.go:216.16,217.44 1 0
github.com/anemptyemptiness/Go-Rocket-App/order/internal/service/order/funcs.go:217.44,219.4 1 0
github.com/anemptyemptiness/Go-Rocket-App/order/internal/service/order/funcs.go:220.3,220.77 1 0
github.com/anemptyemptiness/Go-Rocket-App/order/internal/service/order/funcs.go:223.2,223.12 1 0
github.com/anemptyemptiness/Go-Rocket-App/order/internal/service/order/service.go:17.12,25.2 1 0
github.com/anemptyemptiness/Go-Rocket-App/order/internal/api/order/v1/api.go:11.45,15.2 1 0
github.com/anemptyemptiness/Go-Rocket-App/order/internal/api/order/v1/funcs.go:13.105,15.16 2 0
github.com/anemptyemptiness/Go-Rocket-App/order/internal/api/order/v1/funcs.go:15.16,20.3 1 0
github.com/anemptyemptiness/Go-Rocket-App/order/internal/api/order/v1/funcs.go:22.2,22.46 1 0
github.com/anemptyemptiness/Go-Rocket-App/order/internal/api/order/v1/funcs.go:25.113,27.16 2 0
github.com/anemptyemptiness/Go-Rocket-App/order/internal/api/order/v1/funcs.go:27.16,31.3 1 0
github.com/anemptyemptiness/Go-Rocket-App/order/internal/api/order/v1/funcs.go:33.2,34.16 2 0
github.com/anemptyemptiness/Go-Rocket-App/order/internal/api/order/v1/funcs.go:34.16,43.3 1 0
github.com/anemptyemptiness/Go-Rocket-App/order/internal/api/order/v1/funcs.go:45.2,48.8 1 0
github.com/anemptyemptiness/Go-Rocket-App/order/internal/api/order/v1/funcs.go:51.135,53.16 2 0
github.com/anemptyemptiness/Go-Rocket-App/order/internal/api/order/v1/funcs.go:53.16,57.3 1 0
github.com/anemptyemptiness/Go-Rocket-App/order/internal/api/order/v1/funcs.go:59.2,60.16 2 0
github.com/anemptyemptiness/Go-Rocket-App/order/internal/api/order/v1/funcs.go:60.16,69.3 1 0
github.com/anemptyemptiness/Go-Rocket-App/order/internal/api/order/v1/funcs.go:71.2,73.8 1 0
github.com/anemptyemptiness/Go-Rocket-App/order/internal/api/order/v1/funcs.go:76.114,78.16 2 0
github.com/anemptyemptiness/Go-Rocket-App/order/internal/api/order/v1/funcs.go:78.16,87.3 1 0
github.com/anemptyemptiness/Go-Rocket-App/order/internal/api/order/v1/funcs.go:89.2,89.44 1 0
github.com/anemptyemptiness/Go-Rocket-App/order/internal/service/input/order.go:13.51,15.25 2 0
github.com/anemptyemptiness/Go-Rocket-App/order/internal/service/input/order.go:15.25,17.3 1 0
github.com/anemptyemptiness/Go-Rocket-App/order/internal/service/input/order.go:18.2,18.25 1 0
github.com/anemptyemptiness/Go-Rocket-App/order/internal/service/input/order.go:18.25,20.3 1 0
github.com/anemptyemptiness/Go-Rocket-App/order/internal/service/input/order.go:21.2,21.14 1 0
github.com/anemptyemptiness/Go-Rocket-App/order/internal/service/order/funcs.go:18.83,20.16 2 0
github.com/anemptyemptiness/Go-Rocket-App/order/internal/service/order/funcs.go:20.16,21.44 1 0
github.com/anemptyemptiness/Go-Rocket-App/order/internal/service/order/funcs.go:21.44,23.4 1 0
github.com/anemptyemptiness/Go-Rocket-App/order/internal/service/order/funcs.go:24.3,24.92 1 0
github.com/anemptyemptiness/Go-Rocket-App/order/internal/service/order/funcs.go:27.2,27.19 1 0
github.com/anemptyemptiness/Go-Rocket-App/order/internal/service/order/funcs.go:30.98,31.48 1 0
github.com/anemptyemptiness/Go-Rocket-App/order/internal/service/order/funcs.go:31.48,33.3 1 0
github.com/anemptyemptiness/Go-Rocket-App/order/internal/service/order/funcs.go:34.2,34.24 1 0
github.com/anemptyemptiness/Go-Rocket-App/order/internal/service/order/funcs.go:34.24,36.3 1 0
github.com/anemptyemptiness/Go-Rocket-App/order/internal/service/order/funcs.go:38.2,39.37 2 0
github.com/anemptyemptiness/Go-Rocket-App/order/internal/service/order/funcs.go:39.37,40.15 1 0
github.com/anemptyemptiness/Go-Rocket-App/order/internal/service/order/funcs.go:40.15,42.4 1 0
github.com/anemptyemptiness/Go-Rocket-App/order/internal/service/order/funcs.go:43.3,43.36 1 0
github.com/anemptyemptiness/Go-Rocket-App/order/internal/service/order/funcs.go:43.36,45.4 1 0
github.com/anemptyemptiness/Go-Rocket-App/order/internal/service/order/funcs.go:47.3,47.24 1 0
github.com/anemptyemptiness/Go-Rocket-App/order/internal/service/order/funcs.go:50.2,52.63 2 0
github.com/anemptyemptiness/Go-Rocket-App/order/internal/service/order/funcs.go:52.63,57.17 4 0
github.com/anemptyemptiness/Go-Rocket-App/order/internal/service/order/funcs.go:57.17,59.4 1 0
github.com/anemptyemptiness/Go-Rocket-App/order/internal/service/order/funcs.go:61.3,63.30 3 0
github.com/anemptyemptiness/Go-Rocket-App/order/internal/service/order/funcs.go:63.30,64.31 1 0
github.com/anemptyemptiness/Go-Rocket-App/order/internal/service/order/funcs.go:64.31,66.5 1 0
github.com/anemptyemptiness/Go-Rocket-App/order/internal/service/order/funcs.go:68.4,74.28 2 0
github.com/anemptyemptiness/Go-Rocket-App/order/internal/service/order/funcs.go:77.3,86.17 8 0
github.com/anemptyemptiness/Go-Rocket-App/order/internal/service/order/funcs.go:86.17,88.4 1 0
github.com/anemptyemptiness/Go-Rocket-App/order/internal/service/order/funcs.go:90.3,94.17 4 0
github.com/anemptyemptiness/Go-Rocket-App/order/internal/service/order/funcs.go:94.17,96.4 1 0
github.com/anemptyemptiness/Go-Rocket-App/order/internal/service/order/funcs.go:98.3,99.17 2 0
github.com/anemptyemptiness/Go-Rocket-App/order/internal/service/order/funcs.go:99.17,101.4 1 0
github.com/anemptyemptiness/Go-Rocket-App/order/internal/service/order/funcs.go:103.3,105.13 2 0
github.com/anemptyemptiness/Go-Rocket-App/order/internal/service/order/funcs.go:107.2,107.16 1 0
github.com/anemptyemptiness/Go-Rocket-App/order/internal/service/order/funcs.go:107.16,109.3 1 0
github.com/anemptyemptiness/Go-Rocket-App/order/internal/service/order/funcs.go:111.2,111.19 1 0
github.com/anemptyemptiness/Go-Rocket-App/order/internal/service/order/funcs.go:114.106,117.63 2 0
github.com/anemptyemptiness/Go-Rocket-App/order/internal/service/order/funcs.go:117.63,119.17 2 0
github.com/anemptyemptiness/Go-Rocket-App/order/internal/service/order/funcs.go:119.17,120.45 1 0
github.com/anemptyemptiness/Go-Rocket-App/order/internal/service/order/funcs.go:120.45,122.5 1 0
github.com/anemptyemptiness/Go-Rocket-App/order/internal/service/order/funcs.go:123.4,123.78 1 0
github.com/anemptyemptiness/Go-Rocket-App/order/internal/service/order/funcs.go:126.3,126.23 1 0
github.com/anemptyemptiness/Go-Rocket-App/order/internal/service/order/funcs.go:127.30,128.52 1 0
github.com/anemptyemptiness/Go-Rocket-App/order/internal/service/order/funcs.go:129.35,130.57 1 0
github.com/anemptyemptiness/Go-Rocket-App/order/internal/service/order/funcs.go:131.35,132.50 1 0
github.com/anemptyemptiness/Go-Rocket-App/order/internal/service/order/funcs.go:135.3,135.54 1 0
github.com/anemptyemptiness/Go-Rocket-App/order/internal/service/order/funcs.go:135.54,137.4 1 0
github.com/anemptyemptiness/Go-Rocket-App/order/internal/service/order/funcs.go:139.3,143.17 4 0
github.com/anemptyemptiness/Go-Rocket-App/order/internal/service/order/funcs.go:143.17,145.4 1 0
github.com/anemptyemptiness/Go-Rocket-App/order/internal/service/order/funcs.go:147.3,152.17 5 0
github.com/anemptyemptiness/Go-Rocket-App/order/internal/service/order/funcs.go:152.17,153.45 1 0
github.com/anemptyemptiness/Go-Rocket-App/order/internal/service/order/funcs.go:153.45,155.5 1 0
github.com/anemptyemptiness/Go-Rocket-App/order/internal/service/order/funcs.go:156.4,156.78 1 0
github.com/anemptyemptiness/Go-Rocket-App/order/internal/service/order/funcs.go:159.3,166.17 3 0
github.com/anemptyemptiness/Go-Rocket-App/order/internal/service/order/funcs.go:166.17,168.4 1 0
github.com/anemptyemptiness/Go-Rocket-App/order/internal/service/order/funcs.go:170.3,172.13 2 0
github.com/anemptyemptiness/Go-Rocket-App/order/internal/service/order/funcs.go:174.2,174.16 1 0
github.com/anemptyemptiness/Go-Rocket-App/order/internal/service/order/funcs.go:174.16,176.3 1 0
github.com/anemptyemptiness/Go-Rocket-App/order/internal/service/order/funcs.go:178.2,178.29 1 0
github.com/anemptyemptiness/Go-Rocket-App/order/internal/service/order/funcs.go:181.71,183.16 2 0
github.com/anemptyemptiness/Go-Rocket-App/order/internal/service/order/funcs.go:183.16,184.44 1 0
github.com/anemptyemptiness/Go-Rocket-App/order/internal/service/order/funcs.go:184.44,186.4 1 0
github.com/anemptyemptiness/Go-Rocket-App/order/internal/service/order/funcs.go:187.3,187.77 1 0
github.com/anemptyemptiness/Go-Rocket-App/order/internal/service/order/funcs.go:190.2,190.22 1 0
github.com/anemptyemptiness/Go-Rocket-App/order/internal/service/order/funcs.go:191.29,192.51 1 0
github.com/anemptyemptiness/Go-Rocket-App/order/internal/service/order/funcs.go:193.34,194.56 1 0
github.com/anemptyemptiness/Go-Rocket-App/order/internal/service/order/funcs.go:195.34,196.49 1 0
github.com/anemptyemptiness/Go-Rocket-App/order/internal/service/order/funcs.go:199.2,200.35 2 0
github.com/anemptyemptiness/Go-Rocket-App/order/internal/service/order/funcs.go:200.35,202.3 1 0
github.com/anemptyemptiness/Go-Rocket-App/order/internal/service/order/funcs.go:204.2,209.16 4 0
github.com/anemptyemptiness/Go-Rocket-App/order/internal/service/order/funcs.go:209.16,211.3 1 0
github.com/anemptyemptiness/Go-Rocket-App/order/internal/service/order/funcs.go:213.2,216.16 3 0
github.com/anemptyemptiness/Go-Rocket-App/order/internal/service/order/funcs.go:216.16,217.44 1 0
github.com/anemptyemptiness/Go-Rocket-App/order/internal/service/order/funcs.go:217.44,219.4 1 0
github.com/anemptyemptiness/Go-Rocket-App/order/internal/service/order/funcs.go:220.3,220.77 1 0
github.com/anemptyemptiness/Go-Rocket-App/order/internal/service/order/funcs.go:223.2,223.12 1 0
github.com/anemptyemptiness/Go-Rocket-App/order/internal/service/order/service.go:17.12,25.2 1 0
github.com/anemptyemptiness/Go-Rocket-App/order/internal/api/order/v1/api.go:11.45,15.2 1 20
github.com/anemptyemptiness/Go-Rocket-App/order/internal/api/order/v1/funcs.go:13.105,15.16 2 3
github.com/anemptyemptiness/Go-Rocket-App/order/internal/api/order/v1/funcs.go:15.16,20.3 1 2
github.com/anemptyemptiness/Go-Rocket-App/order/internal/api/order/v1/funcs.go:22.2,22.46 1 1
github.com/anemptyemptiness/Go-Rocket-App/order/internal/api/order/v1/funcs.go:25.113,27.16 2 6
github.com/anemptyemptiness/Go-Rocket-App/order/internal/api/order/v1/funcs.go:27.16,31.3 1 1
github.com/anemptyemptiness/Go-Rocket-App/order/internal/api/order/v1/funcs.go:33.2,34.16 2 5
github.com/anemptyemptiness/Go-Rocket-App/order/internal/api/order/v1/funcs.go:34.16,43.3 1 4
github.com/anemptyemptiness/Go-Rocket-App/order/internal/api/order/v1/funcs.go:45.2,48.8 1 1
github.com/anemptyemptiness/Go-Rocket-App/order/internal/api/order/v1/funcs.go:51.135,53.16 2 6
github.com/anemptyemptiness/Go-Rocket-App/order/internal/api/order/v1/funcs.go:53.16,57.3 1 1
github.com/anemptyemptiness/Go-Rocket-App/order/internal/api/order/v1/funcs.go:59.2,60.16 2 5
github.com/anemptyemptiness/Go-Rocket-App/order/internal/api/order/v1/funcs.go:60.16,69.3 1 4
github.com/anemptyemptiness/Go-Rocket-App/order/internal/api/order/v1/funcs.go:71.2,73.8 1 1
github.com/anemptyemptiness/Go-Rocket-App/order/internal/api/order/v1/funcs.go:76.114,78.16 2 5
github.com/anemptyemptiness/Go-Rocket-App/order/internal/api/order/v1/funcs.go:78.16,87.3 1 4
github.com/anemptyemptiness/Go-Rocket-App/order/internal/api/order/v1/funcs.go:89.2,89.44 1 1
github.com/anemptyemptiness/Go-Rocket-App/order/internal/service/input/order.go:13.51,15.25 2 0
github.com/anemptyemptiness/Go-Rocket-App/order/internal/service/input/order.go:15.25,17.3 1 0
github.com/anemptyemptiness/Go-Rocket-App/order/internal/service/input/order.go:18.2,18.25 1 0
github.com/anemptyemptiness/Go-Rocket-App/order/internal/service/input/order.go:18.25,20.3 1 0
github.com/anemptyemptiness/Go-Rocket-App/order/internal/service/input/order.go:21.2,21.14 1 0
github.com/anemptyemptiness/Go-Rocket-App/order/internal/service/order/funcs.go:18.83,20.16 2 0
github.com/anemptyemptiness/Go-Rocket-App/order/internal/service/order/funcs.go:20.16,21.44 1 0
github.com/anemptyemptiness/Go-Rocket-App/order/internal/service/order/funcs.go:21.44,23.4 1 0
github.com/anemptyemptiness/Go-Rocket-App/order/internal/service/order/funcs.go:24.3,24.92 1 0
github.com/anemptyemptiness/Go-Rocket-App/order/internal/service/order/funcs.go:27.2,27.19 1 0
github.com/anemptyemptiness/Go-Rocket-App/order/internal/service/order/funcs.go:30.98,31.48 1 0
github.com/anemptyemptiness/Go-Rocket-App/order/internal/service/order/funcs.go:31.48,33.3 1 0
github.com/anemptyemptiness/Go-Rocket-App/order/internal/service/order/funcs.go:34.2,34.24 1 0
github.com/anemptyemptiness/Go-Rocket-App/order/internal/service/order/funcs.go:34.24,36.3 1 0
github.com/anemptyemptiness/Go-Rocket-App/order/internal/service/order/funcs.go:38.2,39.37 2 0
github.com/anemptyemptiness/Go-Rocket-App/order/internal/service/order/funcs.go:39.37,40.15 1 0
github.com/anemptyemptiness/Go-Rocket-App/order/internal/service/order/funcs.go:40.15,42.4 1 0
github.com/anemptyemptiness/Go-Rocket-App/order/internal/service/order/funcs.go:43.3,43.36 1 0
github.com/anemptyemptiness/Go-Rocket-App/order/internal/service/order/funcs.go:43.36,45.4 1 0
github.com/anemptyemptiness/Go-Rocket-App/order/internal/service/order/funcs.go:47.3,47.24 1 0
github.com/anemptyemptiness/Go-Rocket-App/order/internal/service/order/funcs.go:50.2,52.63 2 0
github.com/anemptyemptiness/Go-Rocket-App/order/internal/service/order/funcs.go:52.63,57.17 4 0
github.com/anemptyemptiness/Go-Rocket-App/order/internal/service/order/funcs.go:57.17,59.4 1 0
github.com/anemptyemptiness/Go-Rocket-App/order/internal/service/order/funcs.go:61.3,63.30 3 0
github.com/anemptyemptiness/Go-Rocket-App/order/internal/service/order/funcs.go:63.30,64.31 1 0
github.com/anemptyemptiness/Go-Rocket-App/order/internal/service/order/funcs.go:64.31,66.5 1 0
github.com/anemptyemptiness/Go-Rocket-App/order/internal/service/order/funcs.go:68.4,74.28 2 0
github.com/anemptyemptiness/Go-Rocket-App/order/internal/service/order/funcs.go:77.3,86.17 8 0
github.com/anemptyemptiness/Go-Rocket-App/order/internal/service/order/funcs.go:86.17,88.4 1 0
github.com/anemptyemptiness/Go-Rocket-App/order/internal/service/order/funcs.go:90.3,94.17 4 0
github.com/anemptyemptiness/Go-Rocket-App/order/internal/service/order/funcs.go:94.17,96.4 1 0
github.com/anemptyemptiness/Go-Rocket-App/order/internal/service/order/funcs.go:98.3,99.17 2 0
github.com/anemptyemptiness/Go-Rocket-App/order/internal/service/order/funcs.go:99.17,101.4 1 0
github.com/anemptyemptiness/Go-Rocket-App/order/internal/service/order/funcs.go:103.3,105.13 2 0
github.com/anemptyemptiness/Go-Rocket-App/order/internal/service/order/funcs.go:107.2,107.16 1 0
github.com/anemptyemptiness/Go-Rocket-App/order/internal/service/order/funcs.go:107.16,109.3 1 0
github.com/anemptyemptiness/Go-Rocket-App/order/internal/service/order/funcs.go:111.2,111.19 1 0
github.com/anemptyemptiness/Go-Rocket-App/order/internal/service/order/funcs.go:114.106,117.63 2 0
github.com/anemptyemptiness/Go-Rocket-App/order/internal/service/order/funcs.go:117.63,119.17 2 0
github.com/anemptyemptiness/Go-Rocket-App/order/internal/service/order/funcs.go:119.17,120.45 1 0
github.com/anemptyemptiness/Go-Rocket-App/order/internal/service/order/funcs.go:120.45,122.5 1 0
github.com/anemptyemptiness/Go-Rocket-App/order/internal/service/order/funcs.go:123.4,123.78 1 0
github.com/anemptyemptiness/Go-Rocket-App/order/internal/service/order/funcs.go:126.3,126.23 1 0
github.com/anemptyemptiness/Go-Rocket-App/order/internal/service/order/funcs.go:127.30,128.52 1 0
github.com/anemptyemptiness/Go-Rocket-App/order/internal/service/order/funcs.go:129.35,130.57 1 0
github.com/anemptyemptiness/Go-Rocket-App/order/internal/service/order/funcs.go:131.35,132.50 1 0
github.com/anemptyemptiness/Go-Rocket-App/order/internal/service/order/funcs.go:135.3,135.54 1 0
github.com/anemptyemptiness/Go-Rocket-App/order/internal/service/order/funcs.go:135.54,137.4 1 0
github.com/anemptyemptiness/Go-Rocket-App/order/internal/service/order/funcs.go:139.3,143.17 4 0
github.com/anemptyemptiness/Go-Rocket-App/order/internal/service/order/funcs.go:143.17,145.4 1 0
github.com/anemptyemptiness/Go-Rocket-App/order/internal/service/order/funcs.go:147.3,152.17 5 0
github.com/anemptyemptiness/Go-Rocket-App/order/internal/service/order/funcs.go:152.17,153.45 1 0
github.com/anemptyemptiness/Go-Rocket-App/order/internal/service/order/funcs.go:153.45,155.5 1 0
github.com/anemptyemptiness/Go-Rocket-App/order/internal/service/order/funcs.go:156.4,156.78 1 0
github.com/anemptyemptiness/Go-Rocket-App/order/internal/service/order/funcs.go:159.3,166.17 3 0
github.com/anemptyemptiness/Go-Rocket-App/order/internal/service/order/funcs.go:166.17,168.4 1 0
github.com/anemptyemptiness/Go-Rocket-App/order/internal/service/order/funcs.go:170.3,172.13 2 0
github.com/anemptyemptiness/Go-Rocket-App/order/internal/service/order/funcs.go:174.2,174.16 1 0
github.com/anemptyemptiness/Go-Rocket-App/order/internal/service/order/funcs.go:174.16,176.3 1 0
github.com/anemptyemptiness/Go-Rocket-App/order/internal/service/order/funcs.go:178.2,178.29 1 0
github.com/anemptyemptiness/Go-Rocket-App/order/internal/service/order/funcs.go:181.71,183.16 2 0
github.com/anemptyemptiness/Go-Rocket-App/order/internal/service/order/funcs.go:183.16,184.44 1 0
github.com/anemptyemptiness/Go-Rocket-App/order/internal/service/order/funcs.go:184.44,186.4 1 0
github.com/anemptyemptiness/Go-Rocket-App/order/internal/service/order/funcs.go:187.3,187.77 1 0
github.com/anemptyemptiness/Go-Rocket-App/order/internal/service/order/funcs.go:190.2,190.22 1 0
github.com/anemptyemptiness/Go-Rocket-App/order/internal/service/order/funcs.go:191.29,192.51 1 0
github.com/anemptyemptiness/Go-Rocket-App/order/internal/service/order/funcs.go:193.34,194.56 1 0
github.com/anemptyemptiness/Go-Rocket-App/order/internal/service/order/funcs.go:195.34,196.49 1 0
github.com/anemptyemptiness/Go-Rocket-App/order/internal/service/order/funcs.go:199.2,200.35 2 0
github.com/anemptyemptiness/Go-Rocket-App/order/internal/service/order/funcs.go:200.35,202.3 1 0
github.com/anemptyemptiness/Go-Rocket-App/order/internal/service/order/funcs.go:204.2,209.16 4 0
github.com/anemptyemptiness/Go-Rocket-App/order/internal/service/order/funcs.go:209.16,211.3 1 0
github.com/anemptyemptiness/Go-Rocket-App/order/internal/service/order/funcs.go:213.2,216.16 3 0
github.com/anemptyemptiness/Go-Rocket-App/order/internal/service/order/funcs.go:216.16,217.44 1 0
github.com/anemptyemptiness/Go-Rocket-App/order/internal/service/order/funcs.go:217.44,219.4 1 0
github.com/anemptyemptiness/Go-Rocket-App/order/internal/service/order/funcs.go:220.3,220.77 1 0
github.com/anemptyemptiness/Go-Rocket-App/order/internal/service/order/funcs.go:223.2,223.12 1 0
github.com/anemptyemptiness/Go-Rocket-App/order/internal/service/order/service.go:17.12,25.2 1 0
github.com/anemptyemptiness/Go-Rocket-App/order/internal/api/order/v1/api.go:11.45,15.2 1 0
github.com/anemptyemptiness/Go-Rocket-App/order/internal/api/order/v1/funcs.go:13.105,15.16 2 0
github.com/anemptyemptiness/Go-Rocket-App/order/internal/api/order/v1/funcs.go:15.16,20.3 1 0
github.com/anemptyemptiness/Go-Rocket-App/order/internal/api/order/v1/funcs.go:22.2,22.46 1 0
github.com/anemptyemptiness/Go-Rocket-App/order/internal/api/order/v1/funcs.go:25.113,27.16 2 0
github.com/anemptyemptiness/Go-Rocket-App/order/internal/api/order/v1/funcs.go:27.16,31.3 1 0
github.com/anemptyemptiness/Go-Rocket-App/order/internal/api/order/v1/funcs.go:33.2,34.16 2 0
github.com/anemptyemptiness/Go-Rocket-App/order/internal/api/order/v1/funcs.go:34.16,43.3 1 0
github.com/anemptyemptiness/Go-Rocket-App/order/internal/api/order/v1/funcs.go:45.2,48.8 1 0
github.com/anemptyemptiness/Go-Rocket-App/order/internal/api/order/v1/funcs.go:51.135,53.16 2 0
github.com/anemptyemptiness/Go-Rocket-App/order/internal/api/order/v1/funcs.go:53.16,57.3 1 0
github.com/anemptyemptiness/Go-Rocket-App/order/internal/api/order/v1/funcs.go:59.2,60.16 2 0
github.com/anemptyemptiness/Go-Rocket-App/order/internal/api/order/v1/funcs.go:60.16,69.3 1 0
github.com/anemptyemptiness/Go-Rocket-App/order/internal/api/order/v1/funcs.go:71.2,73.8 1 0
github.com/anemptyemptiness/Go-Rocket-App/order/internal/api/order/v1/funcs.go:76.114,78.16 2 0
github.com/anemptyemptiness/Go-Rocket-App/order/internal/api/order/v1/funcs.go:78.16,87.3 1 0
github.com/anemptyemptiness/Go-Rocket-App/order/internal/api/order/v1/funcs.go:89.2,89.44 1 0
github.com/anemptyemptiness/Go-Rocket-App/order/internal/service/input/order.go:13.51,15.25 2 16
github.com/anemptyemptiness/Go-Rocket-App/order/internal/service/input/order.go:15.25,17.3 1 3
github.com/anemptyemptiness/Go-Rocket-App/order/internal/service/input/order.go:18.2,18.25 1 16
github.com/anemptyemptiness/Go-Rocket-App/order/internal/service/input/order.go:18.25,20.3 1 4
github.com/anemptyemptiness/Go-Rocket-App/order/internal/service/input/order.go:21.2,21.14 1 16
github.com/anemptyemptiness/Go-Rocket-App/order/internal/service/order/funcs.go:18.83,20.16 2 3
github.com/anemptyemptiness/Go-Rocket-App/order/internal/service/order/funcs.go:20.16,21.44 1 2
github.com/anemptyemptiness/Go-Rocket-App/order/internal/service/order/funcs.go:21.44,23.4 1 1
github.com/anemptyemptiness/Go-Rocket-App/order/internal/service/order/funcs.go:24.3,24.92 1 1
github.com/anemptyemptiness/Go-Rocket-App/order/internal/service/order/funcs.go:27.2,27.19 1 1
github.com/anemptyemptiness/Go-Rocket-App/order/internal/service/order/funcs.go:30.98,31.48 1 8
github.com/anemptyemptiness/Go-Rocket-App/order/internal/service/order/funcs.go:31.48,33.3 1 1
github.com/anemptyemptiness/Go-Rocket-App/order/internal/service/order/funcs.go:34.2,34.24 1 7
github.com/anemptyemptiness/Go-Rocket-App/order/internal/service/order/funcs.go:34.24,36.3 1 0
github.com/anemptyemptiness/Go-Rocket-App/order/internal/service/order/funcs.go:38.2,39.37 2 7
github.com/anemptyemptiness/Go-Rocket-App/order/internal/service/order/funcs.go:39.37,40.15 1 17
github.com/anemptyemptiness/Go-Rocket-App/order/internal/service/order/funcs.go:40.15,42.4 1 1
github.com/anemptyemptiness/Go-Rocket-App/order/internal/service/order/funcs.go:43.3,43.36 1 16
github.com/anemptyemptiness/Go-Rocket-App/order/internal/service/order/funcs.go:43.36,45.4 1 0
github.com/anemptyemptiness/Go-Rocket-App/order/internal/service/order/funcs.go:47.3,47.24 1 16
github.com/anemptyemptiness/Go-Rocket-App/order/internal/service/order/funcs.go:50.2,52.63 2 6
github.com/anemptyemptiness/Go-Rocket-App/order/internal/service/order/funcs.go:52.63,57.17 4 6
github.com/anemptyemptiness/Go-Rocket-App/order/internal/service/order/funcs.go:57.17,59.4 1 1
github.com/anemptyemptiness/Go-Rocket-App/order/internal/service/order/funcs.go:61.3,63.30 3 5
github.com/anemptyemptiness/Go-Rocket-App/order/internal/service/order/funcs.go:63.30,64.31 1 11
github.com/anemptyemptiness/Go-Rocket-App/order/internal/service/order/funcs.go:64.31,66.5 1 1
github.com/anemptyemptiness/Go-Rocket-App/order/internal/service/order/funcs.go:68.4,74.28 2 10
github.com/anemptyemptiness/Go-Rocket-App/order/internal/service/order/funcs.go:77.3,86.17 8 4
github.com/anemptyemptiness/Go-Rocket-App/order/internal/service/order/funcs.go:86.17,88.4 1 1
github.com/anemptyemptiness/Go-Rocket-App/order/internal/service/order/funcs.go:90.3,94.17 4 3
github.com/anemptyemptiness/Go-Rocket-App/order/internal/service/order/funcs.go:94.17,96.4 1 1
github.com/anemptyemptiness/Go-Rocket-App/order/internal/service/order/funcs.go:98.3,99.17 2 2
github.com/anemptyemptiness/Go-Rocket-App/order/internal/service/order/funcs.go:99.17,101.4 1 1
github.com/anemptyemptiness/Go-Rocket-App/order/internal/service/order/funcs.go:103.3,105.13 2 1
github.com/anemptyemptiness/Go-Rocket-App/order/internal/service/order/funcs.go:107.2,107.16 1 6
github.com/anemptyemptiness/Go-Rocket-App/order/internal/service/order/funcs.go:107.16,109.3 1 5
github.com/anemptyemptiness/Go-Rocket-App/order/internal/service/order/funcs.go:111.2,111.19 1 1
github.com/anemptyemptiness/Go-Rocket-App/order/internal/service/order/funcs.go:114.106,117.63 2 8
github.com/anemptyemptiness/Go-Rocket-App/order/internal/service/order/funcs.go:117.63,119.17 2 8
github.com/anemptyemptiness/Go-Rocket-App/order/internal/service/order/funcs.go:119.17,120.45 1 1
github.com/anemptyemptiness/Go-Rocket-App/order/internal/service/order/funcs.go:120.45,122.5 1 1
github.com/anemptyemptiness/Go-Rocket-App/order/internal/service/order/funcs.go:123.4,123.78 1 0
github.com/anemptyemptiness/Go-Rocket-App/order/internal/service/order/funcs.go:126.3,126.23 1 7
github.com/anemptyemptiness/Go-Rocket-App/order/internal/service/order/funcs.go:127.30,128.52 1 1
github.com/anemptyemptiness/Go-Rocket-App/order/internal/service/order/funcs.go:129.35,130.57 1 1
github.com/anemptyemptiness/Go-Rocket-App/order/internal/service/order/funcs.go:131.35,132.50 1 0
github.com/anemptyemptiness/Go-Rocket-App/order/internal/service/order/funcs.go:135.3,135.54 1 5
github.com/anemptyemptiness/Go-Rocket-App/order/internal/service/order/funcs.go:135.54,137.4 1 0
github.com/anemptyemptiness/Go-Rocket-App/order/internal/service/order/funcs.go:139.3,143.17 4 5
github.com/anemptyemptiness/Go-Rocket-App/order/internal/service/order/funcs.go:143.17,145.4 1 2
github.com/anemptyemptiness/Go-Rocket-App/order/internal/service/order/funcs.go:147.3,152.17 5 3
github.com/anemptyemptiness/Go-Rocket-App/order/internal/service/order/funcs.go:152.17,153.45 1 1
github.com/anemptyemptiness/Go-Rocket-App/order/internal/service/order/funcs.go:153.45,155.5 1 0
github.com/anemptyemptiness/Go-Rocket-App/order/internal/service/order/funcs.go:156.4,156.78 1 1
github.com/anemptyemptiness/Go-Rocket-App/order/internal/service/order/funcs.go:159.3,166.17 3 2
github.com/anemptyemptiness/Go-Rocket-App/order/internal/service/order/funcs.go:166.17,168.4 1 1
github.com/anemptyemptiness/Go-Rocket-App/order/internal/service/order/funcs.go:170.3,172.13 2 1
github.com/anemptyemptiness/Go-Rocket-App/order/internal/service/order/funcs.go:174.2,174.16 1 8
github.com/anemptyemptiness/Go-Rocket-App/order/internal/service/order/funcs.go:174.16,176.3 1 7
github.com/anemptyemptiness/Go-Rocket-App/order/internal/service/order/funcs.go:178.2,178.29 1 1
github.com/anemptyemptiness/Go-Rocket-App/order/internal/service/order/funcs.go:181.71,183.16 2 6
github.com/anemptyemptiness/Go-Rocket-App/order/internal/service/order/funcs.go:183.16,184.44 1 1
github.com/anemptyemptiness/Go-Rocket-App/order/internal/service/order/funcs.go:184.44,186.4 1 1
github.com/anemptyemptiness/Go-Rocket-App/order/internal/service/order/funcs.go:187.3,187.77 1 0
github.com/anemptyemptiness/Go-Rocket-App/order/internal/service/order/funcs.go:190.2,190.22 1 5
github.com/anemptyemptiness/Go-Rocket-App/order/internal/service/order/funcs.go:191.29,192.51 1 1
github.com/anemptyemptiness/Go-Rocket-App/order/internal/service/order/funcs.go:193.34,194.56 1 1
github.com/anemptyemptiness/Go-Rocket-App/order/internal/service/order/funcs.go:195.34,196.49 1 0
github.com/anemptyemptiness/Go-Rocket-App/order/internal/service/order/funcs.go:199.2,200.35 2 3
github.com/anemptyemptiness/Go-Rocket-App/order/internal/service/order/funcs.go:200.35,202.3 1 3
github.com/anemptyemptiness/Go-Rocket-App/order/internal/service/order/funcs.go:204.2,209.16 4 3
github.com/anemptyemptiness/Go-Rocket-App/order/internal/service/order/funcs.go:209.16,211.3 1 1
github.com/anemptyemptiness/Go-Rocket-App/order/internal/service/order/funcs.go:213.2,216.16 3 2
github.com/anemptyemptiness/Go-Rocket-App/order/internal/service/order/funcs.go:216.16,217.44 1 1
github.com/anemptyemptiness/Go-Rocket-App/order/internal/service/order/funcs.go:217.44,219.4 1 0
github.com/anemptyemptiness/Go-Rocket-App/order/internal/service/order/funcs.go:220.3,220.77 1 1
github.com/anemptyemptiness/Go-Rocket-App/order/internal/service/order/funcs.go:223.2,223.12 1 1
github.com/anemptyemptiness/Go-Rocket-App/order/internal/service/order/service.go:17.12,25.2 1 25
