mode: atomic
github.com/anemptyemptiness/Go-Rocket-App/payment/internal/api/payment/v1/api.go:11.46,15.2 1 0
github.com/anemptyemptiness/Go-Rocket-App/payment/internal/api/payment/v1/funcs.go:10.114,12.16 2 0
github.com/anemptyemptiness/Go-Rocket-App/payment/internal/api/payment/v1/funcs.go:12.16,14.3 1 0
github.com/anemptyemptiness/Go-Rocket-App/payment/internal/api/payment/v1/funcs.go:16.2,17.16 2 0
github.com/anemptyemptiness/Go-Rocket-App/payment/internal/api/payment/v1/funcs.go:17.16,19.3 1 0
github.com/anemptyemptiness/Go-Rocket-App/payment/internal/api/payment/v1/funcs.go:21.2,23.8 1 0
github.com/anemptyemptiness/Go-Rocket-App/payment/internal/service/payment/funcs.go:13.119,14.24 1 7
github.com/anemptyemptiness/Go-Rocket-App/payment/internal/service/payment/funcs.go:14.24,16.3 1 1
github.com/anemptyemptiness/Go-Rocket-App/payment/internal/service/payment/funcs.go:18.2,19.16 2 6
github.com/anemptyemptiness/Go-Rocket-App/payment/internal/service/payment/funcs.go:19.16,21.3 1 1
github.com/anemptyemptiness/Go-Rocket-App/payment/internal/service/payment/funcs.go:23.2,23.53 1 5
github.com/anemptyemptiness/Go-Rocket-App/payment/internal/service/payment/funcs.go:23.53,25.3 1 1
github.com/anemptyemptiness/Go-Rocket-App/payment/internal/service/payment/funcs.go:27.2,34.38 3 4
github.com/anemptyemptiness/Go-Rocket-App/payment/internal/service/payment/service.go:5.21,7.2 1 7
github.com/anemptyemptiness/Go-Rocket-App/payment/internal/api/payment/v1/api.go:11.46,15.2 1 7
github.com/anemptyemptiness/Go-Rocket-App/payment/internal/api/payment/v1/funcs.go:10.114,12.16 2 7
github.com/anemptyemptiness/Go-Rocket-App/payment/internal/api/payment/v1/funcs.go:12.16,14.3 1 1
github.com/anemptyemptiness/Go-Rocket-App/payment/internal/api/payment/v1/funcs.go:16.2,17.16 2 6
github.com/anemptyemptiness/Go-Rocket-App/payment/internal/api/payment/v1/funcs.go:17.16,19.3 1 4
github.com/anemptyemptiness/Go-Rocket-App/payment/internal/api/payment/v1/funcs.go:21.2,23.8 1 2
github.com/anemptyemptiness/Go-Rocket-App/payment/internal/service/payment/funcs.go:13.119,14.24 1 0
github.com/anemptyemptiness/Go-Rocket-App/payment/internal/service/payment/funcs.go:14.24,16.3 1 0
github.com/anemptyemptiness/Go-Rocket-App/payment/internal/service/payment/funcs.go:18.2,19.16 2 0
github.com/anemptyemptiness/Go-Rocket-App/payment/internal/service/payment/funcs.go:19.16,21.3 1 0
github.com/anemptyemptiness/Go-Rocket-App/payment/internal/service/payment/funcs.go:23.2,23.53 1 0
github.com/anemptyemptiness/Go-Rocket-App/payment/internal/service/payment/funcs.go:23.53,25.3 1 0
github.com/anemptyemptiness/Go-Rocket-App/payment/internal/service/payment/funcs.go:27.2,34.38 3 0
github.com/anemptyemptiness/Go-Rocket-App/payment/internal/service/payment/service.go:5.21,7.2 1 0
github.com/anemptyemptiness/Go-Rocket-App/payment/internal/api/payment/v1/api.go:11.46,15.2 1 0
github.com/anemptyemptiness/Go-Rocket-App/payment/internal/api/payment/v1/funcs.go:10.114,12.16 2 0
github.com/anemptyemptiness/Go-Rocket-App/payment/internal/api/payment/v1/funcs.go:12.16,14.3 1 0
github.com/anemptyemptiness/Go-Rocket-App/payment/internal/api/payment/v1/funcs.go:16.2,17.16 2 0
github.com/anemptyemptiness/Go-Rocket-App/payment/internal/api/payment/v1/funcs.go:17.16,19.3 1 0
github.com/anemptyemptiness/Go-Rocket-App/payment/internal/api/payment/v1/funcs.go:21.2,23.8 1 0
github.com/anemptyemptiness/Go-Rocket-App/payment/internal/service/payment/funcs.go:13.119,14.24 1 0
github.com/anemptyemptiness/Go-Rocket-App/payment/internal/service/payment/funcs.go:14.24,16.3 1 0
github.com/anemptyemptiness/Go-Rocket-App/payment/internal/service/payment/funcs.go:18.2,19.16 2 0
github.com/anemptyemptiness/Go-Rocket-App/payment/internal/service/payment/funcs.go:19.16,21.3 1 0
github.com/anemptyemptiness/Go-Rocket-App/payment/internal/service/payment/funcs.go:23.2,23.53 1 0
github.com/anemptyemptiness/Go-Rocket-App/payment/internal/service/payment/funcs.go:23.53,25.3 1 0
github.com/anemptyemptiness/Go-Rocket-App/payment/internal/service/payment/funcs.go:27.2,34.38 3 0
github.com/anemptyemptiness/Go-Rocket-App/payment/internal/service/payment/service.go:5.21,7.2 1 0
